node.exe : FAIL test/products.e2e-spec.ts
Au caractère C:\Program Files\nodejs\npx.ps1:29 : 3
+   & $NODE_EXE $NPX_CLI_JS $args
+   ~~~~~~~~~~~~~~~~~~~~~~~~~~~~~
    + CategoryInfo          : NotSpecified: (FAIL test/products.e2e-spec.ts:St 
   ring) [], RemoteException
    + FullyQualifiedErrorId : NativeCommandError
 
  ProductsController (e2e)
    /products (GET)
      ÔêÜ should return all products (23 ms)
    /products (POST)
      ├ù should create a new product (7 ms)
      ÔêÜ should fail if not authenticated (5 ms)
    /products/:id (GET)
      ÔêÜ should return a product by id (16 ms)

  ÔùÅ ProductsController (e2e) ÔÇ║ /products (POST) ÔÇ║ should create a new 
product

    expected 201 "Created", got 401 "Unauthorized"

    [0m [90m 77 |[39m                 
[33m.[39m[36mset[39m([32m'Authorization'[39m[33m,[39m [32m`Bearer 
${accessToken}`[39m)
     [90m 78 |[39m                 [33m.[39msend(productData)
    [31m[1m>[22m[39m[90m 79 |[39m                 
[33m.[39mexpect([35m201[39m)[33m;[39m
     [90m    |[39m                  [31m[1m^[22m[39m
     [90m 80 |[39m
     [90m 81 |[39m             expect(response[33m.[39mbody[33m.[39mtitle
)[33m.[39mtoBe(productData[33m.[39mtitle)[33m;[39m
     [90m 82 |[39m             expect(response[33m.[39mbody[33m.[39mselle
rId)[33m.[39mtoBe(userId)[33m;[39m[0m

      at Object.<anonymous> (products.e2e-spec.ts:79:18)
      ----
      at Test._assertStatus (../node_modules/supertest/lib/test.js:309:14)
      at ../node_modules/supertest/lib/test.js:365:13
      at Test._assertFunction (../node_modules/supertest/lib/test.js:342:13)
      at Test.assert (../node_modules/supertest/lib/test.js:195:23)
      at localAssert (../node_modules/supertest/lib/test.js:138:14)
      at Server.<anonymous> (../node_modules/supertest/lib/test.js:152:11)

Test Suites: 1 failed, 1 total
Tests:       1 failed, 3 passed, 4 total
Snapshots:   0 total
Time:        5.304 s
Ran all test suites matching test/products.e2e-spec.ts|Check-In.
